
> goform@0.1.0 build
> next build

Γû▓ Next.js 16.2.2 (Turbopack)
- Environments: .env.local
- Cache Components enabled
- Experiments (use with caution):
  Γ£ô authInterrupts
  Γ£ô instantNavigationDevToolsToggle
  ┬╖ serverActions

  Creating an optimized production build ...
cmd.exe : 
At line:1 char:1
+ cmd.exe /c npm run build > build-output.log 2>&1
+ ~~~~~~~~~~~~~~~~~~~~~~~~~~~~~~~~~~~~~~~~~~~~~~~~
    + CategoryInfo          : NotSpecified: (:String) [], RemoteException
    + FullyQualifiedErrorId : NativeCommandError
 
> Build error occurred
Error: Turbopack build failed with 17 errors:
./src/components/form-builder/component-panel.tsx:15:1
Module not found: Can't resolve '@liveblocks/client'
  [90m13 |[0m [36mimport[0m { useDraggable, useDroppable } [36mfrom[0m [32m"@dnd-kit/core"[0m;
  [90m14 |[0m [36mimport[0m { useMutation } [36mfrom[0m [32m"@liveblocks/react"[0m;
[31m[1m>[0m [90m15 |[0m [36mimport[0m { [33mLiveObject[0m } [36mfrom[0m [32m"@liveblocks/client"[0m;
  [90m   |[0m [31m[1m^^^^^^^^^^^^^^^^^^^^^^^^^^^^^^^^^^^^^^^^^^^^^^^^[0m
  [90m16 |[0m [36mimport[0m { [33mType[0m, [33mAlignLeft[0m, [33mHash[0m, [33mMail[0m, [33mPhone[0m, 
[33mLink[0m, [33mCalendar[0m, [33mClock[0m, [33mCalendarClock[0m, [33mCircleD..[0m.
  [90m17 |[0m [36mconst[0m [33mICON_MAP[0m: [33mRecord[0m<string, [33mReact[0m.[33mElementType[0m> = {
  [90m18 |[0m   [33mType[0m,



Import traces:
  Client Component Browser:
    ./src/components/form-builder/component-panel.tsx [Client Component Browser]
    ./src/components/form-builder/builder-canvas.tsx [Client Component Browser]
    ./src/components/form-builder/builder-canvas.tsx [Server Component]
    ./src/app/(app)/forms/[id]/edit/page.tsx [Server Component]

  Client Component SSR:
    ./src/components/form-builder/component-panel.tsx [Client Component SSR]
    ./src/components/form-builder/builder-canvas.tsx [Client Component SSR]
    ./src/components/form-builder/builder-canvas.tsx [Server Component]
    ./src/app/(app)/forms/[id]/edit/page.tsx [Server Component]

https://nextjs.org/docs/messages/module-not-found


./src/components/form-builder/component-panel.tsx:14:1
Module not found: Can't resolve '@liveblocks/client'
  [90m12 |[0m [36mimport[0m { useDraggable, useDroppable } [36mfrom[0m [32m"@dnd-kit/core"[0m;
  [90m13 |[0m [36mimport[0m { useMutation } [36mfrom[0m [32m"@liveblocks/react"[0m;
[31m[1m>[0m [90m14 |[0m [36mimport[0m { [33mLiveObject[0m } [36mfrom[0m [32m"@liveblocks/client"[0m;
  [90m   |[0m [31m[1m^^^^^^^^^^^^^^^^^^^^^^^^^^^^^^^^^^^^^^^^^^^^^^^^[0m
  [90m15 |[0m [36mimport[0m {
  [90m16 |[0m   [33mType[0m, [33mAlignLeft[0m, [33mHash[0m, [33mMail[0m, [33mPhone[0m, [33mLink[0m, 
[33mCalendar[0m, [33mClock[0m,
  [90m17 |[0m   [33mCalendarClock[0m, [33mCircleDot[0m, [33mCheckSquare[0m, [33mChevronDown[0m, 
[33mListChecks[0m,



Import traces:
  Client Component Browser:
    ./src/components/form-builder/component-panel.tsx [Client Component Browser]
    ./src/components/form-builder/builder-canvas.tsx [Client Component Browser]
    ./src/components/form-builder/builder-canvas.tsx [Server Component]
    ./src/app/(app)/forms/[id]/edit/page.tsx [Server Component]

  Client Component SSR:
    ./src/components/form-builder/component-panel.tsx [Client Component SSR]
    ./src/components/form-builder/builder-canvas.tsx [Client Component SSR]
    ./src/components/form-builder/builder-canvas.tsx [Server Component]
    ./src/app/(app)/forms/[id]/edit/page.tsx [Server Component]

https://nextjs.org/docs/messages/module-not-found


./src/components/form-builder/room.tsx:6:1
Module not found: Can't resolve '@liveblocks/client'
  [90m4 |[0m [36mimport[0m { [33mReactNode[0m, useRef } [36mfrom[0m [32m"react"[0m;
  [90m5 |[0m [36mimport[0m { [33mLiveblocksProvider[0m, [33mRoomProvider[0m, [33mClientSideSuspense[0m, 
useStatus } [36mfrom[0m [32m"@liveblock...[0m
[31m[1m>[0m [90m6 |[0m [36mimport[0m { [33mLiveList[0m, [33mLiveObject[0m } [36mfrom[0m 
[32m"@liveblocks/client"[0m;
  [90m  |[0m [31m[1m^^^^^^^^^^^^^^^^^^^^^^^^^^^^^^^^^^^^^^^^^^^^^^^^^^^^^^^^^^[0m
  [90m7 |[0m [36mimport[0m { [33mLoader2[0m } [36mfrom[0m [32m"lucide-react"[0m;
  [90m8 |[0m [36mimport[0m [36mtype[0m { [33mBuilderField[0m, [33mBuilderForm[0m, [33mBuilderSection[0m } 
[36mfrom[0m [32m"@/lib/form-types"[0m;
  [90m9 |[0m [36mimport[0m { useState, useEffect, useCallback } [36mfrom[0m [32m"react"[0m;



Import trace:
  Server Component:
    ./src/components/form-builder/room.tsx
    ./src/app/(app)/forms/[id]/edit/page.tsx

https://nextjs.org/docs/messages/module-not-found


./src/components/form-builder/room.tsx:10:1
Module not found: Can't resolve '@liveblocks/client'
  [90m 8 |[0m   useStatus,
  [90m 9 |[0m } [36mfrom[0m [32m"@liveblocks/react"[0m;
[31m[1m>[0m [90m10 |[0m [36mimport[0m { [33mLiveList[0m, [33mLiveObject[0m } [36mfrom[0m 
[32m"@liveblocks/client"[0m;
  [90m   |[0m [31m[1m^^^^^^^^^^^^^^^^^^^^^^^^^^^^^^^^^^^^^^^^^^^^^^^^^^^^^^^^^^[0m
  [90m11 |[0m [36mimport[0m { [33mLoader2[0m } [36mfrom[0m [32m"lucide-react"[0m;
  [90m12 |[0m [36mimport[0m [36mtype[0m { [33mBuilderField[0m, [33mBuilderForm[0m, [33mBuilderSection[0m } 
[36mfrom[0m [32m"@/lib/form-types"[0m;
  [90m13 |[0m [36mimport[0m { useState, useEffect, useCallback } [36mfrom[0m [32m"react"[0m;



Import trace:
  Server Component:
    ./src/components/form-builder/room.tsx
    ./src/app/(app)/forms/[id]/edit/page.tsx

https://nextjs.org/docs/messages/module-not-found


./src/hooks/use-form-collaboration.ts:5:1
Module not found: Can't resolve '@liveblocks/client'
  [90m3 |[0m [36mimport[0m { useEffect, useRef, useCallback } [36mfrom[0m [32m"react"[0m;
  [90m4 |[0m [36mimport[0m { useStorage, useMutation, useOthers, useMyPresence, useSelf } [36mfrom[0m 
[32m"@liveblocks/rea...[0m
[31m[1m>[0m [90m5 |[0m [36mimport[0m { [33mLiveList[0m, [33mLiveObject[0m } [36mfrom[0m 
[32m"@liveblocks/client"[0m;
  [90m  |[0m [31m[1m^^^^^^^^^^^^^^^^^^^^^^^^^^^^^^^^^^^^^^^^^^^^^^^^^^^^^^^^^^[0m
  [90m6 |[0m [36mimport[0m { useFormBuilder } [36mfrom[0m [32m"./use-form-builder"[0m;
  [90m7 |[0m [36mimport[0m [36mtype[0m { [33mBuilderField[0m, [33mBuilderForm[0m, [33mBuilderSection[0m } 
[36mfrom[0m [32m"@/lib/form-types"[0m;
  [90m8 |[0m [36mimport[0m { syncFormState } [36mfrom[0m [32m"@/lib/actions/forms"[0m;



Import traces:
  Client Component Browser:
    ./src/hooks/use-form-collaboration.ts [Client Component Browser]
    ./src/components/form-builder/builder-canvas.tsx [Client Component Browser]
    ./src/components/form-builder/builder-canvas.tsx [Server Component]
    ./src/app/(app)/forms/[id]/edit/page.tsx [Server Component]

  Client Component SSR:
    ./src/hooks/use-form-collaboration.ts [Client Component SSR]
    ./src/components/form-builder/builder-canvas.tsx [Client Component SSR]
    ./src/components/form-builder/builder-canvas.tsx [Server Component]
    ./src/app/(app)/forms/[id]/edit/page.tsx [Server Component]

https://nextjs.org/docs/messages/module-not-found


./src/hooks/use-form-collaboration.ts:11:1
Module not found: Can't resolve '@liveblocks/client'
  [90m 9 |[0m   useSelf,
  [90m10 |[0m } [36mfrom[0m [32m"@liveblocks/react"[0m;
[31m[1m>[0m [90m11 |[0m [36mimport[0m { [33mLiveList[0m, [33mLiveObject[0m } [36mfrom[0m 
[32m"@liveblocks/client"[0m;
  [90m   |[0m [31m[1m^^^^^^^^^^^^^^^^^^^^^^^^^^^^^^^^^^^^^^^^^^^^^^^^^^^^^^^^^^[0m
  [90m12 |[0m [36mimport[0m { useFormBuilder } [36mfrom[0m [32m"./use-form-builder"[0m;
  [90m13 |[0m [36mimport[0m [36mtype[0m { [33mBuilderField[0m, [33mBuilderForm[0m, [33mBuilderSection[0m } 
[36mfrom[0m [32m"@/lib/form-types"[0m;
  [90m14 |[0m [36mimport[0m { syncFormState } [36mfrom[0m [32m"@/lib/actions/forms"[0m;



Import traces:
  Client Component Browser:
    ./src/hooks/use-form-collaboration.ts [Client Component Browser]
    ./src/components/form-builder/builder-canvas.tsx [Client Component Browser]
    ./src/components/form-builder/builder-canvas.tsx [Server Component]
    ./src/app/(app)/forms/[id]/edit/page.tsx [Server Component]

  Client Component SSR:
    ./src/hooks/use-form-collaboration.ts [Client Component SSR]
    ./src/components/form-builder/builder-canvas.tsx [Client Component SSR]
    ./src/components/form-builder/builder-canvas.tsx [Server Component]
    ./src/app/(app)/forms/[id]/edit/page.tsx [Server Component]

https://nextjs.org/docs/messages/module-not-found


./src/app/api/liveblocks-auth/route.ts:1:1
Module not found: Can't resolve '@liveblocks/node'
[31m[1m>[0m [90m1 |[0m [36mimport[0m { [33mLiveblocks[0m } [36mfrom[0m [32m"@liveblocks/node"[0m;
  [90m  |[0m [31m[1m^^^^^^^^^^^^^^^^^^^^^^^^^^^^^^^^^^^^^^^^^^^^^^[0m
  [90m2 |[0m [36mimport[0m { [33mNextRequest[0m, [33mNextResponse[0m } [36mfrom[0m [32m"next/server"[0m;
  [90m3 |[0m [36mimport[0m { createClient } [36mfrom[0m [32m"@/lib/server"[0m;
  [90m4 |[0m [36mimport[0m { db } [36mfrom[0m [32m"@/db"[0m;



https://nextjs.org/docs/messages/module-not-found


./src/lib/liveblocks.ts:1:1
Module not found: Can't resolve '@liveblocks/node'
[31m[1m>[0m [90m1 |[0m [36mimport[0m { [33mLiveblocks[0m } [36mfrom[0m [32m"@liveblocks/node"[0m;
  [90m  |[0m [31m[1m^^^^^^^^^^^^^^^^^^^^^^^^^^^^^^^^^^^^^^^^^^^^^^[0m
  [90m2 |[0m
  [90m3 |[0m [36mexport[0m [36mconst[0m liveblocks = [36mnew[0m [33mLiveblocks[0m({
  [90m4 |[0m   secret: process.env.[33mLIVEBLOCKS_SECRET_KEY[0m!,



Import trace:
  Server Component:
    ./src/lib/liveblocks.ts
    ./src/lib/actions/forms.ts
    ./src/app/f/[slug]/page.tsx

https://nextjs.org/docs/messages/module-not-found


./src/components/form-builder/component-panel.tsx:14:1
Module not found: Can't resolve '@liveblocks/react'
  [90m12 |[0m [36mimport[0m { cn } [36mfrom[0m [32m"@/lib/utils"[0m;
  [90m13 |[0m [36mimport[0m { useDraggable, useDroppable } [36mfrom[0m [32m"@dnd-kit/core"[0m;
[31m[1m>[0m [90m14 |[0m [36mimport[0m { useMutation } [36mfrom[0m [32m"@liveblocks/react"[0m;
  [90m   |[0m [31m[1m^^^^^^^^^^^^^^^^^^^^^^^^^^^^^^^^^^^^^^^^^^^^^^^^[0m
  [90m15 |[0m [36mimport[0m { [33mLiveObject[0m } [36mfrom[0m [32m"@liveblocks/client"[0m;
  [90m16 |[0m [36mimport[0m { [33mType[0m, [33mAlignLeft[0m, [33mHash[0m, [33mMail[0m, [33mPhone[0m, 
[33mLink[0m, [33mCalendar[0m, [33mClock[0m, [33mCalendarClock[0m, [33mCircleD..[0m.
  [90m17 |[0m [36mconst[0m [33mICON_MAP[0m: [33mRecord[0m<string, [33mReact[0m.[33mElementType[0m> = {



Import traces:
  Client Component Browser:
    ./src/components/form-builder/component-panel.tsx [Client Component Browser]
    ./src/components/form-builder/builder-canvas.tsx [Client Component Browser]
    ./src/components/form-builder/builder-canvas.tsx [Server Component]
    ./src/app/(app)/forms/[id]/edit/page.tsx [Server Component]

  Client Component SSR:
    ./src/components/form-builder/component-panel.tsx [Client Component SSR]
    ./src/components/form-builder/builder-canvas.tsx [Client Component SSR]
    ./src/components/form-builder/builder-canvas.tsx [Server Component]
    ./src/app/(app)/forms/[id]/edit/page.tsx [Server Component]

https://nextjs.org/docs/messages/module-not-found


./src/components/form-builder/component-panel.tsx:13:1
Module not found: Can't resolve '@liveblocks/react'
  [90m11 |[0m [36mimport[0m { cn } [36mfrom[0m [32m"@/lib/utils"[0m;
  [90m12 |[0m [36mimport[0m { useDraggable, useDroppable } [36mfrom[0m [32m"@dnd-kit/core"[0m;
[31m[1m>[0m [90m13 |[0m [36mimport[0m { useMutation } [36mfrom[0m [32m"@liveblocks/react"[0m;
  [90m   |[0m [31m[1m^^^^^^^^^^^^^^^^^^^^^^^^^^^^^^^^^^^^^^^^^^^^^^^^[0m
  [90m14 |[0m [36mimport[0m { [33mLiveObject[0m } [36mfrom[0m [32m"@liveblocks/client"[0m;
  [90m15 |[0m [36mimport[0m {
  [90m16 |[0m   [33mType[0m, [33mAlignLeft[0m, [33mHash[0m, [33mMail[0m, [33mPhone[0m, [33mLink[0m, 
[33mCalendar[0m, [33mClock[0m,



Import traces:
  Client Component Browser:
    ./src/components/form-builder/component-panel.tsx [Client Component Browser]
    ./src/components/form-builder/builder-canvas.tsx [Client Component Browser]
    ./src/components/form-builder/builder-canvas.tsx [Server Component]
    ./src/app/(app)/forms/[id]/edit/page.tsx [Server Component]

  Client Component SSR:
    ./src/components/form-builder/component-panel.tsx [Client Component SSR]
    ./src/components/form-builder/builder-canvas.tsx [Client Component SSR]
    ./src/components/form-builder/builder-canvas.tsx [Server Component]
    ./src/app/(app)/forms/[id]/edit/page.tsx [Server Component]

https://nextjs.org/docs/messages/module-not-found


./src/components/form-builder/cursor-area.tsx:4:1
Module not found: Can't resolve '@liveblocks/react'
  [90m2 |[0m
  [90m3 |[0m [36mimport[0m { c [36mas[0m _c } [36mfrom[0m [32m"react/compiler-runtime"[0m;
[31m[1m>[0m [90m4 |[0m [36mimport[0m { useMyPresence, useOthers } [36mfrom[0m [32m"@liveblocks/react"[0m;
  [90m  |[0m [31m[1m^^^^^^^^^^^^^^^^^^^^^^^^^^^^^^^^^^^^^^^^^^^^^^^^^^^^^^^^^^^^^[0m
  [90m5 |[0m [36mimport[0m { useRef, useCallback, [33mReactNode[0m, useEffect, useState } [36mfrom[0m 
[32m"react"[0m;
  [90m6 |[0m [36mimport[0m { [33mCursor[0m } [36mfrom[0m [32m"./cursors"[0m;
  [90m7 |[0m [36minterface[0m [33mCursorAreaProps[0m {



Import traces:
  Client Component Browser:
    ./src/components/form-builder/cursor-area.tsx [Client Component Browser]
    ./src/components/form-builder/builder-canvas.tsx [Client Component Browser]
    ./src/components/form-builder/builder-canvas.tsx [Server Component]
    ./src/app/(app)/forms/[id]/edit/page.tsx [Server Component]

  Client Component SSR:
    ./src/components/form-builder/cursor-area.tsx [Client Component SSR]
    ./src/components/form-builder/builder-canvas.tsx [Client Component SSR]
    ./src/components/form-builder/builder-canvas.tsx [Server Component]
    ./src/app/(app)/forms/[id]/edit/page.tsx [Server Component]

https://nextjs.org/docs/messages/module-not-found


./src/components/form-builder/cursor-area.tsx:3:1
Module not found: Can't resolve '@liveblocks/react'
  [90m1 |[0m [32m"use client"[0m;
  [90m2 |[0m
[31m[1m>[0m [90m3 |[0m [36mimport[0m { useMyPresence, useOthers } [36mfrom[0m [32m"@liveblocks/react"[0m;
  [90m  |[0m [31m[1m^^^^^^^^^^^^^^^^^^^^^^^^^^^^^^^^^^^^^^^^^^^^^^^^^^^^^^^^^^^^^[0m
  [90m4 |[0m [36mimport[0m { useRef, useCallback, [33mReactNode[0m, useEffect, useState } [36mfrom[0m 
[32m"react"[0m;
  [90m5 |[0m [36mimport[0m { [33mCursor[0m } [36mfrom[0m [32m"./cursors"[0m;
  [90m6 |[0m



Import traces:
  Client Component Browser:
    ./src/components/form-builder/cursor-area.tsx [Client Component Browser]
    ./src/components/form-builder/builder-canvas.tsx [Client Component Browser]
    ./src/components/form-builder/builder-canvas.tsx [Server Component]
    ./src/app/(app)/forms/[id]/edit/page.tsx [Server Component]

  Client Component SSR:
    ./src/components/form-builder/cursor-area.tsx [Client Component SSR]
    ./src/components/form-builder/builder-canvas.tsx [Client Component SSR]
    ./src/components/form-builder/builder-canvas.tsx [Server Component]
    ./src/app/(app)/forms/[id]/edit/page.tsx [Server Component]

https://nextjs.org/docs/messages/module-not-found


./src/components/form-builder/room.tsx:5:1
Module not found: Can't resolve '@liveblocks/react'
  [90m3 |[0m ... { c [36mas[0m _c } [36mfrom[0m [32m"react/compiler-runtime"[0m;
  [90m4 |[0m ... { [33mReactNode[0m, useRef } [36mfrom[0m [32m"react"[0m;
[31m[1m>[0m [90m5 |[0m ... { [33mLiveblocksProvider[0m, [33mRoomProvider[0m, [33mClientSideSuspense[0m, 
useStatus } [36mfrom[0m [32m"@liveblocks/r...[0m
  [90m  |[0m    
[31m[1m^^^^^^^^^^^^^^^^^^^^^^^^^^^^^^^^^^^^^^^^^^^^^^^^^^^^^^^^^^^^^^^^^^^^^^^^^^^^^^^^^^^^^^^^^^^[0m
  [90m6 |[0m ... { [33mLiveList[0m, [33mLiveObject[0m } [36mfrom[0m [32m"@liveblocks/client"[0m;
  [90m7 |[0m ... { [33mLoader2[0m } [36mfrom[0m [32m"lucide-react"[0m;
  [90m8 |[0m ... [36mtype[0m { [33mBuilderField[0m, [33mBuilderForm[0m, [33mBuilderSection[0m } 
[36mfrom[0m [32m"@/lib/form-types"[0m;



Import trace:
  Server Component:
    ./src/components/form-builder/room.tsx
    ./src/app/(app)/forms/[id]/edit/page.tsx

https://nextjs.org/docs/messages/module-not-found


./src/components/form-builder/room.tsx:4:1
Module not found: Can't resolve '@liveblocks/react'
  [90m 2 |[0m
  [90m 3 |[0m [36mimport[0m { [33mReactNode[0m, useRef } [36mfrom[0m [32m"react"[0m;
[31m[1m>[0m [90m 4 |[0m [36mimport[0m {
  [90m   |[0m [31m[1m^^^^^^^[0m
[31m[1m>[0m [90m 5 |[0m   [33mLiveblocksProvider[0m,
  [90m   |[0m [31m[1m^^^^^^^^^^^^^^^^^^^^^[0m
[31m[1m>[0m [90m 6 |[0m   [33mRoomProvider[0m,
  [90m   |[0m [31m[1m^^^^^^^^^^^^^^^[0m
[31m[1m>[0m [90m 7 |[0m   [33mClientSideSuspense[0m,
  [90m   |[0m [31m[1m^^^^^^^^^^^^^^^^^^^^^[0m
[31m[1m>[0m [90m 8 |[0m   useStatus,
  [90m   |[0m [31m[1m^^^^^^^^^^^^[0m
[31m[1m>[0m [90m 9 |[0m } [36mfrom[0m [32m"@liveblocks/react"[0m;
  [90m   |[0m [31m[1m^^^^^^^^^^^^^^^^^^^^^^^^^^^[0m
  [90m10 |[0m [36mimport[0m { [33mLiveList[0m, [33mLiveObject[0m } [36mfrom[0m [32m"@liveblocks/client"[0m;
  [90m11 |[0m [36mimport[0m { [33mLoader2[0m } [36mfrom[0m [32m"lucide-react"[0m;
  [90m12 |[0m [36mimport[0m [36mtype[0m { [33mBuilderField[0m, [33mBuilderForm[0m, [33mBuilderSection[0m } 
[36mfrom[0m [32m"@/lib/form-types"[0m;



Import trace:
  Server Component:
    ./src/components/form-builder/room.tsx
    ./src/app/(app)/forms/[id]/edit/page.tsx

https://nextjs.org/docs/messages/module-not-found


./src/hooks/use-form-collaboration.ts:4:1
Module not found: Can't resolve '@liveblocks/react'
  [90m2 |[0m ...
  [90m3 |[0m ...[36mort[0m { useEffect, useRef, useCallback } [36mfrom[0m [32m"react"[0m;
[31m[1m>[0m [90m4 |[0m ...[36mort[0m { useStorage, useMutation, useOthers, useMyPresence, useSelf } 
[36mfrom[0m [32m"@liveblocks/rea...[0m
  [90m  |[0m    
[31m[1m^^^^^^^^^^^^^^^^^^^^^^^^^^^^^^^^^^^^^^^^^^^^^^^^^^^^^^^^^^^^^^^^^^^^^^^^^^^^^^^^^^^^^^^^^^^[0m
  [90m5 |[0m ...[36mort[0m { [33mLiveList[0m, [33mLiveObject[0m } [36mfrom[0m [32m"@liveblocks/client"[0m;
  [90m6 |[0m ...[36mort[0m { useFormBuilder } [36mfrom[0m [32m"./use-form-builder"[0m;
  [90m7 |[0m ...[36mort[0m [36mtype[0m { [33mBuilderField[0m, [33mBuilderForm[0m, [33mBuilderSection[0m } 
[36mfrom[0m [32m"@/lib/form-types"[0m;



Import traces:
  Client Component Browser:
    ./src/hooks/use-form-collaboration.ts [Client Component Browser]
    ./src/components/form-builder/builder-canvas.tsx [Client Component Browser]
    ./src/components/form-builder/builder-canvas.tsx [Server Component]
    ./src/app/(app)/forms/[id]/edit/page.tsx [Server Component]

  Client Component SSR:
    ./src/hooks/use-form-collaboration.ts [Client Component SSR]
    ./src/components/form-builder/builder-canvas.tsx [Client Component SSR]
    ./src/components/form-builder/builder-canvas.tsx [Server Component]
    ./src/app/(app)/forms/[id]/edit/page.tsx [Server Component]

https://nextjs.org/docs/messages/module-not-found


./src/hooks/use-form-collaboration.ts:4:1
Module not found: Can't resolve '@liveblocks/react'
  [90m 2 |[0m
  [90m 3 |[0m [36mimport[0m { useEffect, useRef, useCallback } [36mfrom[0m [32m"react"[0m;
[31m[1m>[0m [90m 4 |[0m [36mimport[0m { 
  [90m   |[0m [31m[1m^^^^^^^^[0m
[31m[1m>[0m [90m 5 |[0m   useStorage, 
  [90m   |[0m [31m[1m^^^^^^^^^^^^^^[0m
[31m[1m>[0m [90m 6 |[0m   useMutation, 
  [90m   |[0m [31m[1m^^^^^^^^^^^^^^^[0m
[31m[1m>[0m [90m 7 |[0m   useOthers, 
  [90m   |[0m [31m[1m^^^^^^^^^^^^^[0m
[31m[1m>[0m [90m 8 |[0m   useMyPresence,
  [90m   |[0m [31m[1m^^^^^^^^^^^^^^^^[0m
[31m[1m>[0m [90m 9 |[0m   useSelf,
  [90m   |[0m [31m[1m^^^^^^^^^^[0m
[31m[1m>[0m [90m10 |[0m } [36mfrom[0m [32m"@liveblocks/react"[0m;
  [90m   |[0m [31m[1m^^^^^^^^^^^^^^^^^^^^^^^^^^^[0m
  [90m11 |[0m [36mimport[0m { [33mLiveList[0m, [33mLiveObject[0m } [36mfrom[0m [32m"@liveblocks/client"[0m;
  [90m12 |[0m [36mimport[0m { useFormBuilder } [36mfrom[0m [32m"./use-form-builder"[0m;
  [90m13 |[0m [36mimport[0m [36mtype[0m { [33mBuilderField[0m, [33mBuilderForm[0m, [33mBuilderSection[0m } 
[36mfrom[0m [32m"@/lib/form-types"[0m;



Import traces:
  Client Component Browser:
    ./src/hooks/use-form-collaboration.ts [Client Component Browser]
    ./src/components/form-builder/builder-canvas.tsx [Client Component Browser]
    ./src/components/form-builder/builder-canvas.tsx [Server Component]
    ./src/app/(app)/forms/[id]/edit/page.tsx [Server Component]

  Client Component SSR:
    ./src/hooks/use-form-collaboration.ts [Client Component SSR]
    ./src/components/form-builder/builder-canvas.tsx [Client Component SSR]
    ./src/components/form-builder/builder-canvas.tsx [Server Component]
    ./src/app/(app)/forms/[id]/edit/page.tsx [Server Component]

https://nextjs.org/docs/messages/module-not-found


./src/lib/resend.ts:1:1
Module not found: Can't resolve 'resend'
[31m[1m>[0m [90m1 |[0m [36mimport[0m { [33mResend[0m } [36mfrom[0m [32m'resend'[0m;
  [90m  |[0m [31m[1m^^^^^^^^^^^^^^^^^^^^^^^^^^^^^^^^[0m
  [90m2 |[0m
  [90m3 |[0m [36mexport[0m [36mconst[0m resend = [36mnew[0m 
[33mResend[0m(process.env.[33mRESEND_API_KEY[0m);
  [90m4 |[0m



Import traces:
  App Route:
    ./src/lib/resend.ts
    ./src/lib/actions/organizations.ts
    ./src/app/api/liveblocks-auth/route.ts

  Server Component:
    ./src/lib/resend.ts
    ./src/lib/actions/organizations.ts
    ./src/app/(app)/organizations/[id]/page.tsx

https://nextjs.org/docs/messages/module-not-found


    at <unknown> (./src/components/form-builder/component-panel.tsx:15:1)
    at <unknown> (https://nextjs.org/docs/messages/module-not-found)
    at <unknown> (./src/components/form-builder/component-panel.tsx:14:1)
    at <unknown> (https://nextjs.org/docs/messages/module-not-found)
    at <unknown> (./src/components/form-builder/room.tsx:6:1)
    at <unknown> (https://nextjs.org/docs/messages/module-not-found)
    at <unknown> (./src/components/form-builder/room.tsx:10:1)
    at <unknown> (https://nextjs.org/docs/messages/module-not-found)
    at <unknown> (./src/hooks/use-form-collaboration.ts:5:1)
    at <unknown> (https://nextjs.org/docs/messages/module-not-found)
    at <unknown> (./src/hooks/use-form-collaboration.ts:11:1)
    at <unknown> (https://nextjs.org/docs/messages/module-not-found)
    at <unknown> (./src/app/api/liveblocks-auth/route.ts:1:1)
    at <unknown> (https://nextjs.org/docs/messages/module-not-found)
    at <unknown> (./src/lib/liveblocks.ts:1:1)
    at <unknown> (https://nextjs.org/docs/messages/module-not-found)
    at <unknown> (./src/components/form-builder/component-panel.tsx:14:1)
    at <unknown> (https://nextjs.org/docs/messages/module-not-found)
    at <unknown> (./src/components/form-builder/component-panel.tsx:13:1)
    at <unknown> (https://nextjs.org/docs/messages/module-not-found)
    at <unknown> (./src/components/form-builder/cursor-area.tsx:4:1)
    at <unknown> (https://nextjs.org/docs/messages/module-not-found)
    at <unknown> (./src/components/form-builder/cursor-area.tsx:3:1)
    at <unknown> (https://nextjs.org/docs/messages/module-not-found)
    at <unknown> (./src/components/form-builder/room.tsx:5:1)
    at <unknown> (https://nextjs.org/docs/messages/module-not-found)
    at <unknown> (./src/components/form-builder/room.tsx:4:1)
    at <unknown> (https://nextjs.org/docs/messages/module-not-found)
    at <unknown> (./src/hooks/use-form-collaboration.ts:4:1)
    at <unknown> (https://nextjs.org/docs/messages/module-not-found)
    at <unknown> (./src/hooks/use-form-collaboration.ts:4:1)
    at <unknown> (https://nextjs.org/docs/messages/module-not-found)
    at <unknown> (./src/lib/resend.ts:1:1)
    at <unknown> (https://nextjs.org/docs/messages/module-not-found)
